Archive member included to satisfy reference by file (symbol)

d:/sridhar/softwares_installation_files/ac6/systemworkbench/plugins/fr.ac6.mcu.externaltools.arm-none.win32_1.17.0.201812190825/tools/compiler/bin/../lib/gcc/arm-none-eabi/7.3.1/thumb/v7e-m/fpv4-sp/hard\libgcc.a(_arm_addsubdf3.o)
                              Src/STM_MY_LCD16X2.o (__aeabi_ui2d)
d:/sridhar/softwares_installation_files/ac6/systemworkbench/plugins/fr.ac6.mcu.externaltools.arm-none.win32_1.17.0.201812190825/tools/compiler/bin/../lib/gcc/arm-none-eabi/7.3.1/thumb/v7e-m/fpv4-sp/hard\libgcc.a(_arm_muldivdf3.o)
                              Src/STM_MY_LCD16X2.o (__aeabi_dmul)
d:/sridhar/softwares_installation_files/ac6/systemworkbench/plugins/fr.ac6.mcu.externaltools.arm-none.win32_1.17.0.201812190825/tools/compiler/bin/../lib/gcc/arm-none-eabi/7.3.1/thumb/v7e-m/fpv4-sp/hard\libgcc.a(_arm_fixunsdfsi.o)
                              Src/STM_MY_LCD16X2.o (__aeabi_d2uiz)
d:/sridhar/softwares_installation_files/ac6/systemworkbench/plugins/fr.ac6.mcu.externaltools.arm-none.win32_1.17.0.201812190825/tools/compiler/bin/../lib/gcc/arm-none-eabi/7.3.1/thumb/v7e-m/fpv4-sp/hard\libgcc.a(_aeabi_uldivmod.o)
                              Drivers/STM32F4xx_HAL_Driver/Src/stm32f4xx_hal_rcc.o (__aeabi_uldivmod)
d:/sridhar/softwares_installation_files/ac6/systemworkbench/plugins/fr.ac6.mcu.externaltools.arm-none.win32_1.17.0.201812190825/tools/compiler/bin/../lib/gcc/arm-none-eabi/7.3.1/thumb/v7e-m/fpv4-sp/hard\libgcc.a(_udivmoddi4.o)
                              d:/sridhar/softwares_installation_files/ac6/systemworkbench/plugins/fr.ac6.mcu.externaltools.arm-none.win32_1.17.0.201812190825/tools/compiler/bin/../lib/gcc/arm-none-eabi/7.3.1/thumb/v7e-m/fpv4-sp/hard\libgcc.a(_aeabi_uldivmod.o) (__udivmoddi4)
d:/sridhar/softwares_installation_files/ac6/systemworkbench/plugins/fr.ac6.mcu.externaltools.arm-none.win32_1.17.0.201812190825/tools/compiler/bin/../lib/gcc/arm-none-eabi/7.3.1/thumb/v7e-m/fpv4-sp/hard\libgcc.a(_dvmd_tls.o)
                              d:/sridhar/softwares_installation_files/ac6/systemworkbench/plugins/fr.ac6.mcu.externaltools.arm-none.win32_1.17.0.201812190825/tools/compiler/bin/../lib/gcc/arm-none-eabi/7.3.1/thumb/v7e-m/fpv4-sp/hard\libgcc.a(_aeabi_uldivmod.o) (__aeabi_ldiv0)
d:/sridhar/softwares_installation_files/ac6/systemworkbench/plugins/fr.ac6.mcu.externaltools.arm-none.win32_1.17.0.201812190825/tools/compiler/bin/../lib/gcc/arm-none-eabi/7.3.1/../../../../arm-none-eabi/lib/thumb/v7e-m/fpv4-sp/hard\libc_nano.a(lib_a-errno.o)
                              Src/syscalls.o (__errno)
d:/sridhar/softwares_installation_files/ac6/systemworkbench/plugins/fr.ac6.mcu.externaltools.arm-none.win32_1.17.0.201812190825/tools/compiler/bin/../lib/gcc/arm-none-eabi/7.3.1/../../../../arm-none-eabi/lib/thumb/v7e-m/fpv4-sp/hard\libc_nano.a(lib_a-exit.o)
                              d:/sridhar/softwares_installation_files/ac6/systemworkbench/plugins/fr.ac6.mcu.externaltools.arm-none.win32_1.17.0.201812190825/tools/compiler/bin/../lib/gcc/arm-none-eabi/7.3.1/../../../../arm-none-eabi/lib/thumb/v7e-m/fpv4-sp/hard/crt0.o (exit)
d:/sridhar/softwares_installation_files/ac6/systemworkbench/plugins/fr.ac6.mcu.externaltools.arm-none.win32_1.17.0.201812190825/tools/compiler/bin/../lib/gcc/arm-none-eabi/7.3.1/../../../../arm-none-eabi/lib/thumb/v7e-m/fpv4-sp/hard\libc_nano.a(lib_a-impure.o)
                              d:/sridhar/softwares_installation_files/ac6/systemworkbench/plugins/fr.ac6.mcu.externaltools.arm-none.win32_1.17.0.201812190825/tools/compiler/bin/../lib/gcc/arm-none-eabi/7.3.1/../../../../arm-none-eabi/lib/thumb/v7e-m/fpv4-sp/hard\libc_nano.a(lib_a-exit.o) (_global_impure_ptr)
d:/sridhar/softwares_installation_files/ac6/systemworkbench/plugins/fr.ac6.mcu.externaltools.arm-none.win32_1.17.0.201812190825/tools/compiler/bin/../lib/gcc/arm-none-eabi/7.3.1/../../../../arm-none-eabi/lib/thumb/v7e-m/fpv4-sp/hard\libc_nano.a(lib_a-init.o)
                              d:/sridhar/softwares_installation_files/ac6/systemworkbench/plugins/fr.ac6.mcu.externaltools.arm-none.win32_1.17.0.201812190825/tools/compiler/bin/../lib/gcc/arm-none-eabi/7.3.1/../../../../arm-none-eabi/lib/thumb/v7e-m/fpv4-sp/hard/crt0.o (__libc_init_array)
d:/sridhar/softwares_installation_files/ac6/systemworkbench/plugins/fr.ac6.mcu.externaltools.arm-none.win32_1.17.0.201812190825/tools/compiler/bin/../lib/gcc/arm-none-eabi/7.3.1/../../../../arm-none-eabi/lib/thumb/v7e-m/fpv4-sp/hard\libc_nano.a(lib_a-memset.o)
                              d:/sridhar/softwares_installation_files/ac6/systemworkbench/plugins/fr.ac6.mcu.externaltools.arm-none.win32_1.17.0.201812190825/tools/compiler/bin/../lib/gcc/arm-none-eabi/7.3.1/../../../../arm-none-eabi/lib/thumb/v7e-m/fpv4-sp/hard/crt0.o (memset)
[...]
Memory Configuration

Name             Origin             Length             Attributes
RAM              0x20000000         0x00020000         xrw
FLASH            0x08000000         0x00080000         xr
*default*        0x00000000         0xffffffff

Linker script and memory map

LOAD d:/sridhar/softwares_installation_files/ac6/systemworkbench/plugins/fr.ac6.mcu.externaltools.arm-none.win32_1.17.0.201812190825/tools/compiler/bin/../lib/gcc/arm-none-eabi/7.3.1/thumb/v7e-m/fpv4-sp/hard/crti.o
LOAD d:/sridhar/softwares_installation_files/ac6/systemworkbench/plugins/fr.ac6.mcu.externaltools.arm-none.win32_1.17.0.201812190825/tools/compiler/bin/../lib/gcc/arm-none-eabi/7.3.1/thumb/v7e-m/fpv4-sp/hard/crtbegin.o
LOAD d:/sridhar/softwares_installation_files/ac6/systemworkbench/plugins/fr.ac6.mcu.externaltools.arm-none.win32_1.17.0.201812190825/tools/compiler/bin/../lib/gcc/arm-none-eabi/7.3.1/../../../../arm-none-eabi/lib/thumb/v7e-m/fpv4-sp/hard/crt0.o
LOAD Drivers/STM32F4xx_HAL_Driver/Src/stm32f4xx_hal.o
LOAD Drivers/STM32F4xx_HAL_Driver/Src/stm32f4xx_hal_cortex.o
LOAD Drivers/STM32F4xx_HAL_Driver/Src/stm32f4xx_hal_dma.o
LOAD Drivers/STM32F4xx_HAL_Driver/Src/stm32f4xx_hal_dma_ex.o
LOAD Drivers/STM32F4xx_HAL_Driver/Src/stm32f4xx_hal_exti.o
LOAD Drivers/STM32F4xx_HAL_Driver/Src/stm32f4xx_hal_flash.o
LOAD Drivers/STM32F4xx_HAL_Driver/Src/stm32f4xx_hal_flash_ex.o
LOAD Drivers/STM32F4xx_HAL_Driver/Src/stm32f4xx_hal_flash_ramfunc.o
LOAD Drivers/STM32F4xx_HAL_Driver/Src/stm32f4xx_hal_gpio.o
LOAD Drivers/STM32F4xx_HAL_Driver/Src/stm32f4xx_hal_pwr.o
LOAD Drivers/STM32F4xx_HAL_Driver/Src/stm32f4xx_hal_pwr_ex.o
LOAD Drivers/STM32F4xx_HAL_Driver/Src/stm32f4xx_hal_rcc.o
LOAD Drivers/STM32F4xx_HAL_Driver/Src/stm32f4xx_hal_rcc_ex.o
LOAD Drivers/STM32F4xx_HAL_Driver/Src/stm32f4xx_hal_tim.o
LOAD Drivers/STM32F4xx_HAL_Driver/Src/stm32f4xx_hal_tim_ex.o
LOAD Drivers/STM32F4xx_HAL_Driver/Src/stm32f4xx_hal_uart.o
LOAD Src/STM_MY_LCD16X2.o
LOAD Src/main.o
LOAD Src/stm32f4xx_hal_msp.o
LOAD Src/stm32f4xx_it.o
LOAD Src/syscalls.o
LOAD Src/system_stm32f4xx.o
LOAD startup/startup_stm32f446xx.o
LOAD d:/sridhar/softwares_installation_files/ac6/systemworkbench/plugins/fr.ac6.mcu.externaltools.arm-none.win32_1.17.0.201812190825/tools/compiler/bin/../lib/gcc/arm-none-eabi/7.3.1/../../../../arm-none-eabi/lib/thumb/v7e-m/fpv4-sp/hard\libm.a
START GROUP
LOAD d:/sridhar/softwares_installation_files/ac6/systemworkbench/plugins/fr.ac6.mcu.externaltools.arm-none.win32_1.17.0.201812190825/tools/compiler/bin/../lib/gcc/arm-none-eabi/7.3.1/thumb/v7e-m/fpv4-sp/hard\libgcc.a
LOAD d:/sridhar/softwares_installation_files/ac6/systemworkbench/plugins/fr.ac6.mcu.externaltools.arm-none.win32_1.17.0.201812190825/tools/compiler/bin/../lib/gcc/arm-none-eabi/7.3.1/../../../../arm-none-eabi/lib/thumb/v7e-m/fpv4-sp/hard\libc_nano.a
END GROUP
START GROUP
LOAD d:/sridhar/softwares_installation_files/ac6/systemworkbench/plugins/fr.ac6.mcu.externaltools.arm-none.win32_1.17.0.201812190825/tools/compiler/bin/../lib/gcc/arm-none-eabi/7.3.1/thumb/v7e-m/fpv4-sp/hard\libgcc.a
LOAD d:/sridhar/softwares_installation_files/ac6/systemworkbench/plugins/fr.ac6.mcu.externaltools.arm-none.win32_1.17.0.201812190825/tools/compiler/bin/../lib/gcc/arm-none-eabi/7.3.1/../../../../arm-none-eabi/lib/thumb/v7e-m/fpv4-sp/hard\libc_nano.a
LOAD d:/sridhar/softwares_installation_files/ac6/systemworkbench/plugins/fr.ac6.mcu.externaltools.arm-none.win32_1.17.0.201812190825/tools/compiler/bin/../lib/gcc/arm-none-eabi/7.3.1/../../../../arm-none-eabi/lib/thumb/v7e-m/fpv4-sp/hard\libnosys.a
END GROUP
START GROUP
LOAD d:/sridhar/softwares_installation_files/ac6/systemworkbench/plugins/fr.ac6.mcu.externaltools.arm-none.win32_1.17.0.201812190825/tools/compiler/bin/../lib/gcc/arm-none-eabi/7.3.1/thumb/v7e-m/fpv4-sp/hard\libgcc.a
LOAD d:/sridhar/softwares_installation_files/ac6/systemworkbench/plugins/fr.ac6.mcu.externaltools.arm-none.win32_1.17.0.201812190825/tools/compiler/bin/../lib/gcc/arm-none-eabi/7.3.1/../../../../arm-none-eabi/lib/thumb/v7e-m/fpv4-sp/hard\libc_nano.a
LOAD d:/sridhar/softwares_installation_files/ac6/systemworkbench/plugins/fr.ac6.mcu.externaltools.arm-none.win32_1.17.0.201812190825/tools/compiler/bin/../lib/gcc/arm-none-eabi/7.3.1/../../../../arm-none-eabi/lib/thumb/v7e-m/fpv4-sp/hard\libnosys.a
END GROUP
LOAD d:/sridhar/softwares_installation_files/ac6/systemworkbench/plugins/fr.ac6.mcu.externaltools.arm-none.win32_1.17.0.201812190825/tools/compiler/bin/../lib/gcc/arm-none-eabi/7.3.1/thumb/v7e-m/fpv4-sp/hard/crtend.o
LOAD d:/sridhar/softwares_installation_files/ac6/systemworkbench/plugins/fr.ac6.mcu.externaltools.arm-none.win32_1.17.0.201812190825/tools/compiler/bin/../lib/gcc/arm-none-eabi/7.3.1/thumb/v7e-m/fpv4-sp/hard/crtn.o
                0x20020000                _estack = 0x20020000
                0x00000200                _Min_Heap_Size = 0x200
                0x00000400                _Min_Stack_Size = 0x400

.isr_vector     0x08000000      0x1c4
                0x08000000                . = ALIGN (0x4)
 *(.isr_vector)
 .isr_vector    0x08000000      0x1c4 startup/startup_stm32f446xx.o
                0x08000000                g_pfnVectors
                0x080001c4                . = ALIGN (0x4)

.text           0x080001c8     0x1b54
                0x080001c8                . = ALIGN (0x4)
 *(.text)
 .text          0x080001c8       0x40 d:/sridhar/softwares_installation_files/ac6/systemworkbench/plugins/fr.ac6.mcu.externaltools.arm-none.win32_1.17.0.201812190825/tools/compiler/bin/../lib/gcc/arm-none-eabi/7.3.1/thumb/v7e-m/fpv4-sp/hard/crtbegin.o
 .text          0x08000208      0x378 d:/sridhar/softwares_installation_files/ac6/systemworkbench/plugins/fr.ac6.mcu.externaltools.arm-none.win32_1.17.0.201812190825/tools/compiler/bin/../lib/gcc/arm-none-eabi/7.3.1/thumb/v7e-m/fpv4-sp/hard\libgcc.a(_arm_addsubdf3.o)
                0x08000208                __aeabi_drsub
                0x08000210                __aeabi_dsub
                0x08000210                __subdf3
                0x08000214                __aeabi_dadd
                0x08000214                __adddf3
                0x0800048c                __floatunsidf
                0x0800048c                __aeabi_ui2d
                0x080004ac                __floatsidf
                0x080004ac                __aeabi_i2d
                0x080004d0                __aeabi_f2d
                0x080004d0                __extendsfdf2
                0x08000514                __floatundidf
                0x08000514                __aeabi_ul2d
                0x08000524                __floatdidf
                0x08000524                __aeabi_l2d
 .text          0x08000580      0x424 d:/sridhar/softwares_installation_files/ac6/systemworkbench/plugins/fr.ac6.mcu.externaltools.arm-none.win32_1.17.0.201812190825/tools/compiler/bin/../lib/gcc/arm-none-eabi/7.3.1/thumb/v7e-m/fpv4-sp/hard\libgcc.a(_arm_muldivdf3.o)
                0x08000580                __aeabi_dmul
                0x08000580                __muldf3
                0x080007d4                __divdf3
                0x080007d4                __aeabi_ddiv
 .text          0x080009a4       0x40 d:/sridhar/softwares_installation_files/ac6/systemworkbench/plugins/fr.ac6.mcu.externaltools.arm-none.win32_1.17.0.201812190825/tools/compiler/bin/../lib/gcc/arm-none-eabi/7.3.1/thumb/v7e-m/fpv4-sp/hard\libgcc.a(_arm_fixunsdfsi.o)
                0x080009a4                __aeabi_d2uiz
                0x080009a4                __fixunsdfsi
 .text          0x080009e4       0x30 d:/sridhar/softwares_installation_files/ac6/systemworkbench/plugins/fr.ac6.mcu.externaltools.arm-none.win32_1.17.0.201812190825/tools/compiler/bin/../lib/gcc/arm-none-eabi/7.3.1/thumb/v7e-m/fpv4-sp/hard\libgcc.a(_aeabi_uldivmod.o)
                0x080009e4                __aeabi_uldivmod
 .text          0x08000a14      0x2cc d:/sridhar/softwares_installation_files/ac6/systemworkbench/plugins/fr.ac6.mcu.externaltools.arm-none.win32_1.17.0.201812190825/tools/compiler/bin/../lib/gcc/arm-none-eabi/7.3.1/thumb/v7e-m/fpv4-sp/hard\libgcc.a(_udivmoddi4.o)
                0x08000a14                __udivmoddi4
 .text          0x08000ce0        0x4 d:/sridhar/softwares_installation_files/ac6/systemworkbench/plugins/fr.ac6.mcu.externaltools.arm-none.win32_1.17.0.201812190825/tools/compiler/bin/../lib/gcc/arm-none-eabi/7.3.1/thumb/v7e-m/fpv4-sp/hard\libgcc.a(_dvmd_tls.o)
                0x08000ce0                __aeabi_idiv0
                0x08000ce0                __aeabi_ldiv0
 *(.text*)
 .text.HAL_InitTick
                0x08000ce4       0x48 Drivers/STM32F4xx_HAL_Driver/Src/stm32f4xx_hal.o
                0x08000ce4                HAL_InitTick
 .text.HAL_Init
                0x08000d2c       0x34 Drivers/STM32F4xx_HAL_Driver/Src/stm32f4xx_hal.o
                0x08000d2c                HAL_Init
 .text.HAL_IncTick
                0x08000d60       0x18 Drivers/STM32F4xx_HAL_Driver/Src/stm32f4xx_hal.o
                0x08000d60                HAL_IncTick
 .text.HAL_GetTick
                0x08000d78        0xc Drivers/STM32F4xx_HAL_Driver/Src/stm32f4xx_hal.o
                0x08000d78                HAL_GetTick
 .text.HAL_Delay
                0x08000d84       0x28 Drivers/STM32F4xx_HAL_Driver/Src/stm32f4xx_hal.o
                0x08000d84                HAL_Delay
 .text.HAL_NVIC_SetPriorityGrouping
                0x08000dac       0x24 Drivers/STM32F4xx_HAL_Driver/Src/stm32f4xx_hal_cortex.o
                0x08000dac                HAL_NVIC_SetPriorityGrouping
 .text.HAL_NVIC_SetPriority
                0x08000dd0       0x68 Drivers/STM32F4xx_HAL_Driver/Src/stm32f4xx_hal_cortex.o
                0x08000dd0                HAL_NVIC_SetPriority
 .text.HAL_SYSTICK_Config
                0x08000e38       0x2c Drivers/STM32F4xx_HAL_Driver/Src/stm32f4xx_hal_cortex.o
                0x08000e38                HAL_SYSTICK_Config
 .text.HAL_GPIO_Init
                0x08000e64      0x1bc Drivers/STM32F4xx_HAL_Driver/Src/stm32f4xx_hal_gpio.o
                0x08000e64                HAL_GPIO_Init
 .text.HAL_GPIO_WritePin
                0x08001020        0xc Drivers/STM32F4xx_HAL_Driver/Src/stm32f4xx_hal_gpio.o
                0x08001020                HAL_GPIO_WritePin
 .text.HAL_RCC_ClockConfig
                0x0800102c      0x160 Drivers/STM32F4xx_HAL_Driver/Src/stm32f4xx_hal_rcc.o
                0x0800102c                HAL_RCC_ClockConfig
 .text.HAL_RCC_GetHCLKFreq
                0x0800118c        0xc Drivers/STM32F4xx_HAL_Driver/Src/stm32f4xx_hal_rcc.o
                0x0800118c                HAL_RCC_GetHCLKFreq
 .text.HAL_RCC_GetPCLK1Freq
                0x08001198       0x20 Drivers/STM32F4xx_HAL_Driver/Src/stm32f4xx_hal_rcc.o
                0x08001198                HAL_RCC_GetPCLK1Freq
 .text.HAL_RCC_GetClockConfig
                0x080011b8       0x3c Drivers/STM32F4xx_HAL_Driver/Src/stm32f4xx_hal_rcc.o
                0x080011b8                HAL_RCC_GetClockConfig
 .text.HAL_RCC_GetSysClockFreq
                0x080011f4      0x184 Drivers/STM32F4xx_HAL_Driver/Src/stm32f4xx_hal_rcc_ex.o
                0x080011f4                HAL_RCC_GetSysClockFreq
 .text.HAL_RCC_OscConfig
                0x08001378      0x3c4 Drivers/STM32F4xx_HAL_Driver/Src/stm32f4xx_hal_rcc_ex.o
                0x08001378                HAL_RCC_OscConfig
 .text.LCD1602_TIM_MicorSecDelay
                0x0800173c       0x28 Src/STM_MY_LCD16X2.o
 *fill*         0x08001764        0x4 
 .text.LCD1602_TIM_Config
                0x08001768       0x88 Src/STM_MY_LCD16X2.o
 .text.LCD1602_RS
                0x080017f0       0x24 Src/STM_MY_LCD16X2.o
 .text.LCD1602_EnablePulse
                0x08001814       0x2c Src/STM_MY_LCD16X2.o
 .text.LCD1602_write
                0x08001840       0xf0 Src/STM_MY_LCD16X2.o
 .text.LCD1602_writeCommand
                0x08001930       0x12 Src/STM_MY_LCD16X2.o
 .text.LCD1602_writeData
                0x08001942       0x12 Src/STM_MY_LCD16X2.o
 .text.LCD1602_write4bitCommand
                0x08001954       0x48 Src/STM_MY_LCD16X2.o
 .text.LCD1602_Begin4BIT
                0x0800199c       0x90 Src/STM_MY_LCD16X2.o
                0x0800199c                LCD1602_Begin4BIT
 .text.LCD1602_print
                0x08001a2c       0x1c Src/STM_MY_LCD16X2.o
                0x08001a2c                LCD1602_print
 .text.MX_GPIO_Init
                0x08001a48       0xcc Src/main.o
 .text.SystemClock_Config
                0x08001b14       0x94 Src/main.o
                0x08001b14                SystemClock_Config
 .text.main     0x08001ba8       0x44 Src/main.o
                0x08001ba8                main
 .text.HAL_MspInit
                0x08001bec       0x38 Src/stm32f4xx_hal_msp.o
                0x08001bec                HAL_MspInit
 .text.NMI_Handler
                0x08001c24        0x2 Src/stm32f4xx_it.o
                0x08001c24                NMI_Handler
 .text.HardFault_Handler
                0x08001c26        0x2 Src/stm32f4xx_it.o
                0x08001c26                HardFault_Handler
 .text.MemManage_Handler
                0x08001c28        0x2 Src/stm32f4xx_it.o
                0x08001c28                MemManage_Handler
 .text.BusFault_Handler
                0x08001c2a        0x2 Src/stm32f4xx_it.o
                0x08001c2a                BusFault_Handler
 .text.UsageFault_Handler
                0x08001c2c        0x2 Src/stm32f4xx_it.o
                0x08001c2c                UsageFault_Handler
 .text.SVC_Handler
                0x08001c2e        0x2 Src/stm32f4xx_it.o
                0x08001c2e                SVC_Handler
 .text.DebugMon_Handler
                0x08001c30        0x2 Src/stm32f4xx_it.o
                0x08001c30                DebugMon_Handler
 .text.PendSV_Handler
                0x08001c32        0x2 Src/stm32f4xx_it.o
                0x08001c32                PendSV_Handler
 .text.SysTick_Handler
                0x08001c34        0x8 Src/stm32f4xx_it.o
                0x08001c34                SysTick_Handler
 .text.SystemInit
                0x08001c3c       0x1c Src/system_stm32f4xx.o
                0x08001c3c                SystemInit
 .text.Reset_Handler
                0x08001c58       0x50 startup/startup_stm32f446xx.o
                0x08001c58                Reset_Handler
 .text.Default_Handler
                0x08001ca8        0x2 startup/startup_stm32f446xx.o
                0x08001ca8                RTC_Alarm_IRQHandler
                0x08001ca8                EXTI2_IRQHandler
                0x08001ca8                TIM8_CC_IRQHandler
                0x08001ca8                FMPI2C1_EV_IRQHandler
                0x08001ca8                SPI4_IRQHandler
                0x08001ca8                TIM1_CC_IRQHandler
                0x08001ca8                DMA2_Stream5_IRQHandler
                0x08001ca8                DMA1_Stream5_IRQHandler
                0x08001ca8                PVD_IRQHandler
                0x08001ca8                SDIO_IRQHandler
                0x08001ca8                TAMP_STAMP_IRQHandler
                0x08001ca8                CAN2_RX1_IRQHandler
                0x08001ca8                EXTI3_IRQHandler
                0x08001ca8                TIM8_TRG_COM_TIM14_IRQHandler
                0x08001ca8                TIM1_UP_TIM10_IRQHandler
                0x08001ca8                TIM8_UP_TIM13_IRQHandler
                0x08001ca8                I2C3_ER_IRQHandler
                0x08001ca8                EXTI0_IRQHandler
                0x08001ca8                I2C2_EV_IRQHandler
                0x08001ca8                DMA1_Stream2_IRQHandler
                0x08001ca8                CAN1_RX0_IRQHandler
                0x08001ca8                FPU_IRQHandler
                0x08001ca8                OTG_HS_WKUP_IRQHandler
                0x08001ca8                CAN2_SCE_IRQHandler
                0x08001ca8                DMA2_Stream2_IRQHandler
                0x08001ca8                SPI1_IRQHandler
                0x08001ca8                TIM6_DAC_IRQHandler
                0x08001ca8                TIM1_BRK_TIM9_IRQHandler
                0x08001ca8                DCMI_IRQHandler
                0x08001ca8                CAN2_RX0_IRQHandler
                0x08001ca8                DMA2_Stream3_IRQHandler
                0x08001ca8                SAI2_IRQHandler
                0x08001ca8                USART6_IRQHandler
                0x08001ca8                USART3_IRQHandler
                0x08001ca8                CAN1_RX1_IRQHandler
                0x08001ca8                UART5_IRQHandler
                0x08001ca8                DMA2_Stream0_IRQHandler
                0x08001ca8                TIM4_IRQHandler
                0x08001ca8                QUADSPI_IRQHandler
                0x08001ca8                I2C1_EV_IRQHandler
                0x08001ca8                DMA1_Stream6_IRQHandler
                0x08001ca8                DMA1_Stream1_IRQHandler
                0x08001ca8                UART4_IRQHandler
                0x08001ca8                TIM3_IRQHandler
                0x08001ca8                RCC_IRQHandler
                0x08001ca8                TIM8_BRK_TIM12_IRQHandler
                0x08001ca8                Default_Handler
                0x08001ca8                CEC_IRQHandler
                0x08001ca8                EXTI15_10_IRQHandler
                0x08001ca8                ADC_IRQHandler
                0x08001ca8                DMA1_Stream7_IRQHandler
                0x08001ca8                TIM7_IRQHandler
                0x08001ca8                CAN2_TX_IRQHandler
                0x08001ca8                TIM5_IRQHandler
                0x08001ca8                DMA2_Stream7_IRQHandler
                0x08001ca8                I2C3_EV_IRQHandler
                0x08001ca8                EXTI9_5_IRQHandler
                0x08001ca8                RTC_WKUP_IRQHandler
                0x08001ca8                SPDIF_RX_IRQHandler
                0x08001ca8                SPI2_IRQHandler
                0x08001ca8                OTG_HS_EP1_IN_IRQHandler
                0x08001ca8                DMA1_Stream0_IRQHandler
                0x08001ca8                CAN1_TX_IRQHandler
                0x08001ca8                FMPI2C1_ER_IRQHandler
                0x08001ca8                EXTI4_IRQHandler
                0x08001ca8                OTG_HS_EP1_OUT_IRQHandler
                0x08001ca8                WWDG_IRQHandler
                0x08001ca8                TIM2_IRQHandler
                0x08001ca8                OTG_FS_WKUP_IRQHandler
                0x08001ca8                TIM1_TRG_COM_TIM11_IRQHandler
                0x08001ca8                OTG_HS_IRQHandler
                0x08001ca8                EXTI1_IRQHandler
                0x08001ca8                USART2_IRQHandler
                0x08001ca8                I2C2_ER_IRQHandler
                0x08001ca8                DMA2_Stream1_IRQHandler
                0x08001ca8                CAN1_SCE_IRQHandler
                0x08001ca8                FLASH_IRQHandler
                0x08001ca8                DMA2_Stream4_IRQHandler
                0x08001ca8                USART1_IRQHandler
                0x08001ca8                OTG_FS_IRQHandler
                0x08001ca8                SPI3_IRQHandler
                0x08001ca8                DMA1_Stream4_IRQHandler
                0x08001ca8                I2C1_ER_IRQHandler
                0x08001ca8                FMC_IRQHandler
                0x08001ca8                DMA2_Stream6_IRQHandler
                0x08001ca8                SAI1_IRQHandler
                0x08001ca8                DMA1_Stream3_IRQHandler
 *fill*         0x08001caa        0x2 
 .text.__libc_init_array
                0x08001cac       0x48 d:/sridhar/softwares_installation_files/ac6/systemworkbench/plugins/fr.ac6.mcu.externaltools.arm-none.win32_1.17.0.201812190825/tools/compiler/bin/../lib/gcc/arm-none-eabi/7.3.1/../../../../arm-none-eabi/lib/thumb/v7e-m/fpv4-sp/hard\libc_nano.a(lib_a-init.o)
                0x08001cac                __libc_init_array
 .text.memset   0x08001cf4       0x10 d:/sridhar/softwares_installation_files/ac6/systemworkbench/plugins/fr.ac6.mcu.externaltools.arm-none.win32_1.17.0.201812190825/tools/compiler/bin/../lib/gcc/arm-none-eabi/7.3.1/../../../../arm-none-eabi/lib/thumb/v7e-m/fpv4-sp/hard\libc_nano.a(lib_a-memset.o)
                0x08001cf4                memset
 *(.glue_7)
 .glue_7        0x08001d04        0x0 linker stubs
 *(.glue_7t)
 .glue_7t       0x08001d04        0x0 linker stubs
 *(.eh_frame)
 .eh_frame      0x08001d04        0x0 d:/sridhar/softwares_installation_files/ac6/systemworkbench/plugins/fr.ac6.mcu.externaltools.arm-none.win32_1.17.0.201812190825/tools/compiler/bin/../lib/gcc/arm-none-eabi/7.3.1/thumb/v7e-m/fpv4-sp/hard/crtbegin.o
 *(.init)
 .init          0x08001d04        0x4 d:/sridhar/softwares_installation_files/ac6/systemworkbench/plugins/fr.ac6.mcu.externaltools.arm-none.win32_1.17.0.201812190825/tools/compiler/bin/../lib/gcc/arm-none-eabi/7.3.1/thumb/v7e-m/fpv4-sp/hard/crti.o
                0x08001d04                _init
 .init          0x08001d08        0x8 d:/sridhar/softwares_installation_files/ac6/systemworkbench/plugins/fr.ac6.mcu.externaltools.arm-none.win32_1.17.0.201812190825/tools/compiler/bin/../lib/gcc/arm-none-eabi/7.3.1/thumb/v7e-m/fpv4-sp/hard/crtn.o
 *(.fini)
 .fini          0x08001d10        0x4 d:/sridhar/softwares_installation_files/ac6/systemworkbench/plugins/fr.ac6.mcu.externaltools.arm-none.win32_1.17.0.201812190825/tools/compiler/bin/../lib/gcc/arm-none-eabi/7.3.1/thumb/v7e-m/fpv4-sp/hard/crti.o
                0x08001d10                _fini
 .fini          0x08001d14        0x8 d:/sridhar/softwares_installation_files/ac6/systemworkbench/plugins/fr.ac6.mcu.externaltools.arm-none.win32_1.17.0.201812190825/tools/compiler/bin/../lib/gcc/arm-none-eabi/7.3.1/thumb/v7e-m/fpv4-sp/hard/crtn.o
                0x08001d1c                . = ALIGN (0x4)
                0x08001d1c                _etext = .

.vfp11_veneer   0x08001d1c        0x0
 .vfp11_veneer  0x08001d1c        0x0 linker stubs

.v4_bx          0x08001d1c        0x0
 .v4_bx         0x08001d1c        0x0 linker stubs

.iplt           0x08001d1c        0x0
 .iplt          0x08001d1c        0x0 d:/sridhar/softwares_installation_files/ac6/systemworkbench/plugins/fr.ac6.mcu.externaltools.arm-none.win32_1.17.0.201812190825/tools/compiler/bin/../lib/gcc/arm-none-eabi/7.3.1/thumb/v7e-m/fpv4-sp/hard/crtbegin.o

.rodata         0x08001d1c       0x24
                0x08001d1c                . = ALIGN (0x4)
 *(.rodata)
 .rodata        0x08001d1c       0x18 Src/system_stm32f4xx.o
                0x08001d1c                AHBPrescTable
                0x08001d2c                APBPrescTable
 *(.rodata*)
 .rodata.str1.4
                0x08001d34        0xc Src/main.o
                0x08001d40                . = ALIGN (0x4)

.ARM.extab
 *(.ARM.extab* .gnu.linkonce.armextab.*)

.ARM            0x08001d40        0x8
                0x08001d40                __exidx_start = .
 *(.ARM.exidx*)
 .ARM.exidx     0x08001d40        0x8 d:/sridhar/softwares_installation_files/ac6/systemworkbench/plugins/fr.ac6.mcu.externaltools.arm-none.win32_1.17.0.201812190825/tools/compiler/bin/../lib/gcc/arm-none-eabi/7.3.1/thumb/v7e-m/fpv4-sp/hard\libgcc.a(_udivmoddi4.o)
                0x08001d48                __exidx_end = .

.rel.dyn        0x08001d48        0x0
 .rel.iplt      0x08001d48        0x0 d:/sridhar/softwares_installation_files/ac6/systemworkbench/plugins/fr.ac6.mcu.externaltools.arm-none.win32_1.17.0.201812190825/tools/compiler/bin/../lib/gcc/arm-none-eabi/7.3.1/thumb/v7e-m/fpv4-sp/hard/crtbegin.o

.preinit_array  0x08001d48        0x0
                0x08001d48                PROVIDE (__preinit_array_start = .)
 *(.preinit_array*)
                0x08001d48                PROVIDE (__preinit_array_end = .)

.init_array     0x08001d48        0x4
                0x08001d48                PROVIDE (__init_array_start = .)
 *(SORT_BY_NAME(.init_array.*))
 *(.init_array*)
 .init_array    0x08001d48        0x4 d:/sridhar/softwares_installation_files/ac6/systemworkbench/plugins/fr.ac6.mcu.externaltools.arm-none.win32_1.17.0.201812190825/tools/compiler/bin/../lib/gcc/arm-none-eabi/7.3.1/thumb/v7e-m/fpv4-sp/hard/crtbegin.o
                0x08001d4c                PROVIDE (__init_array_end = .)

.fini_array     0x08001d4c        0x4
                [!provide]                PROVIDE (__fini_array_start = .)
 *(SORT_BY_NAME(.fini_array.*))
 *(.fini_array*)
 .fini_array    0x08001d4c        0x4 d:/sridhar/softwares_installation_files/ac6/systemworkbench/plugins/fr.ac6.mcu.externaltools.arm-none.win32_1.17.0.201812190825/tools/compiler/bin/../lib/gcc/arm-none-eabi/7.3.1/thumb/v7e-m/fpv4-sp/hard/crtbegin.o
                [!provide]                PROVIDE (__fini_array_end = .)
                0x08001d50                _sidata = LOADADDR (.data)

.data           0x20000000       0x10 load address 0x08001d50
                0x20000000                . = ALIGN (0x4)
                0x20000000                _sdata = .
 *(.data)
 .data          0x20000000        0x8 Drivers/STM32F4xx_HAL_Driver/Src/stm32f4xx_hal.o
                0x20000000                uwTickFreq
                0x20000004                uwTickPrio
 .data          0x20000008        0x3 Src/STM_MY_LCD16X2.o
 *fill*         0x2000000b        0x1 
 .data          0x2000000c        0x4 Src/system_stm32f4xx.o
                0x2000000c                SystemCoreClock
 *(.data*)
                0x20000010                . = ALIGN (0x4)
                0x20000010                _edata = .

.igot.plt       0x20000010        0x0 load address 0x08001d60
 .igot.plt      0x20000010        0x0 d:/sridhar/softwares_installation_files/ac6/systemworkbench/plugins/fr.ac6.mcu.externaltools.arm-none.win32_1.17.0.201812190825/tools/compiler/bin/../lib/gcc/arm-none-eabi/7.3.1/thumb/v7e-m/fpv4-sp/hard/crtbegin.o
                0x20000010                . = ALIGN (0x4)

.bss            0x20000010       0x44 load address 0x08001d60
                0x20000010                _sbss = .
                0x20000010                __bss_start__ = _sbss
 *(.bss)
 .bss           0x20000010       0x1c d:/sridhar/softwares_installation_files/ac6/systemworkbench/plugins/fr.ac6.mcu.externaltools.arm-none.win32_1.17.0.201812190825/tools/compiler/bin/../lib/gcc/arm-none-eabi/7.3.1/thumb/v7e-m/fpv4-sp/hard/crtbegin.o
 .bss           0x2000002c       0x22 Src/STM_MY_LCD16X2.o
 *(.bss*)
 *(COMMON)
 *fill*         0x2000004e        0x2 
 COMMON         0x20000050        0x4 Drivers/STM32F4xx_HAL_Driver/Src/stm32f4xx_hal.o
                0x20000050                uwTick
                0x20000054                . = ALIGN (0x4)
                0x20000054                _ebss = .
                0x20000054                __bss_end__ = _ebss

._user_heap_stack
                0x20000054      0x604 load address 0x08001d60
                0x20000058                . = ALIGN (0x8)
 *fill*         0x20000054        0x4 
                0x20000058                PROVIDE (end = .)
                [!provide]                PROVIDE (_end = .)
                0x20000258                . = (. + _Min_Heap_Size)
 *fill*         0x20000058      0x200 
                0x20000658                . = (. + _Min_Stack_Size)
 *fill*         0x20000258      0x400 
                0x20000658                . = ALIGN (0x8)

/DISCARD/
 libc.a(*)
 libm.a(*)
 libgcc.a(*)

.ARM.attributes
                0x00000000       0x30
 *(.ARM.attributes)
 .ARM.attributes
                0x00000000       0x22 d:/sridhar/softwares_installation_files/ac6/systemworkbench/plugins/fr.ac6.mcu.externaltools.arm-none.win32_1.17.0.201812190825/tools/compiler/bin/../lib/gcc/arm-none-eabi/7.3.1/thumb/v7e-m/fpv4-sp/hard/crti.o
 .ARM.attributes
                0x00000022       0x34 d:/sridhar/softwares_installation_files/ac6/systemworkbench/plugins/fr.ac6.mcu.externaltools.arm-none.win32_1.17.0.201812190825/tools/compiler/bin/../lib/gcc/arm-none-eabi/7.3.1/thumb/v7e-m/fpv4-sp/hard/crtbegin.o
 .ARM.attributes
                0x00000056       0x39 Drivers/STM32F4xx_HAL_Driver/Src/stm32f4xx_hal.o
 .ARM.attributes
                0x0000008f       0x39 Drivers/STM32F4xx_HAL_Driver/Src/stm32f4xx_hal_cortex.o
 .ARM.attributes
                0x000000c8       0x39 Drivers/STM32F4xx_HAL_Driver/Src/stm32f4xx_hal_gpio.o
 .ARM.attributes
                0x00000101       0x39 Drivers/STM32F4xx_HAL_Driver/Src/stm32f4xx_hal_rcc.o
 .ARM.attributes
                0x0000013a       0x39 Drivers/STM32F4xx_HAL_Driver/Src/stm32f4xx_hal_rcc_ex.o
 .ARM.attributes
                0x00000173       0x39 Src/STM_MY_LCD16X2.o
 .ARM.attributes
                0x000001ac       0x39 Src/main.o
 .ARM.attributes
                0x000001e5       0x39 Src/stm32f4xx_hal_msp.o
 .ARM.attributes
                0x0000021e       0x39 Src/stm32f4xx_it.o
 .ARM.attributes
                0x00000257       0x39 Src/system_stm32f4xx.o
 .ARM.attributes
                0x00000290       0x21 startup/startup_stm32f446xx.o
 .ARM.attributes
                0x000002b1       0x22 d:/sridhar/softwares_installation_files/ac6/systemworkbench/plugins/fr.ac6.mcu.externaltools.arm-none.win32_1.17.0.201812190825/tools/compiler/bin/../lib/gcc/arm-none-eabi/7.3.1/thumb/v7e-m/fpv4-sp/hard\libgcc.a(_arm_addsubdf3.o)
 .ARM.attributes
                0x000002d3       0x22 d:/sridhar/softwares_installation_files/ac6/systemworkbench/plugins/fr.ac6.mcu.externaltools.arm-none.win32_1.17.0.201812190825/tools/compiler/bin/../lib/gcc/arm-none-eabi/7.3.1/thumb/v7e-m/fpv4-sp/hard\libgcc.a(_arm_muldivdf3.o)
 .ARM.attributes
                0x000002f5       0x22 d:/sridhar/softwares_installation_files/ac6/systemworkbench/plugins/fr.ac6.mcu.externaltools.arm-none.win32_1.17.0.201812190825/tools/compiler/bin/../lib/gcc/arm-none-eabi/7.3.1/thumb/v7e-m/fpv4-sp/hard\libgcc.a(_arm_fixunsdfsi.o)
 .ARM.attributes
                0x00000317       0x22 d:/sridhar/softwares_installation_files/ac6/systemworkbench/plugins/fr.ac6.mcu.externaltools.arm-none.win32_1.17.0.201812190825/tools/compiler/bin/../lib/gcc/arm-none-eabi/7.3.1/thumb/v7e-m/fpv4-sp/hard\libgcc.a(_aeabi_uldivmod.o)
 .ARM.attributes
                0x00000339       0x34 d:/sridhar/softwares_installation_files/ac6/systemworkbench/plugins/fr.ac6.mcu.externaltools.arm-none.win32_1.17.0.201812190825/tools/compiler/bin/../lib/gcc/arm-none-eabi/7.3.1/thumb/v7e-m/fpv4-sp/hard\libgcc.a(_udivmoddi4.o)
 .ARM.attributes
                0x0000036d       0x22 d:/sridhar/softwares_installation_files/ac6/systemworkbench/plugins/fr.ac6.mcu.externaltools.arm-none.win32_1.17.0.201812190825/tools/compiler/bin/../lib/gcc/arm-none-eabi/7.3.1/thumb/v7e-m/fpv4-sp/hard\libgcc.a(_dvmd_tls.o)
 .ARM.attributes
                0x0000038f       0x34 d:/sridhar/softwares_installation_files/ac6/systemworkbench/plugins/fr.ac6.mcu.externaltools.arm-none.win32_1.17.0.201812190825/tools/compiler/bin/../lib/gcc/arm-none-eabi/7.3.1/../../../../arm-none-eabi/lib/thumb/v7e-m/fpv4-sp/hard\libc_nano.a(lib_a-init.o)
 .ARM.attributes
                0x000003c3       0x34 d:/sridhar/softwares_installation_files/ac6/systemworkbench/plugins/fr.ac6.mcu.externaltools.arm-none.win32_1.17.0.201812190825/tools/compiler/bin/../lib/gcc/arm-none-eabi/7.3.1/../../../../arm-none-eabi/lib/thumb/v7e-m/fpv4-sp/hard\libc_nano.a(lib_a-memset.o)
 .ARM.attributes
                0x000003f7       0x22 d:/sridhar/softwares_installation_files/ac6/systemworkbench/plugins/fr.ac6.mcu.externaltools.arm-none.win32_1.17.0.201812190825/tools/compiler/bin/../lib/gcc/arm-none-eabi/7.3.1/thumb/v7e-m/fpv4-sp/hard/crtn.o
OUTPUT(LCD.elf elf32-littlearm)

.debug_info     0x00000000     0x7a3f
 .debug_info    0x00000000      0xa43 Drivers/STM32F4xx_HAL_Driver/Src/stm32f4xx_hal.o
 .debug_info    0x00000a43      0xfaa Drivers/STM32F4xx_HAL_Driver/Src/stm32f4xx_hal_cortex.o
 .debug_info    0x000019ed      0x810 Drivers/STM32F4xx_HAL_Driver/Src/stm32f4xx_hal_gpio.o
 .debug_info    0x000021fd      0xad4 Drivers/STM32F4xx_HAL_Driver/Src/stm32f4xx_hal_rcc.o
 .debug_info    0x00002cd1      0xc34 Drivers/STM32F4xx_HAL_Driver/Src/stm32f4xx_hal_rcc_ex.o
 .debug_info    0x00003905     0x1a5e Src/STM_MY_LCD16X2.o
 .debug_info    0x00005363     0x1544 Src/main.o
 .debug_info    0x000068a7      0x9c6 Src/stm32f4xx_hal_msp.o
 .debug_info    0x0000726d      0x223 Src/stm32f4xx_it.o
 .debug_info    0x00007490      0x58d Src/system_stm32f4xx.o
 .debug_info    0x00007a1d       0x22 startup/startup_stm32f446xx.o

.debug_abbrev   0x00000000     0x1534
 .debug_abbrev  0x00000000      0x1ed Drivers/STM32F4xx_HAL_Driver/Src/stm32f4xx_hal.o
 .debug_abbrev  0x000001ed      0x328 Drivers/STM32F4xx_HAL_Driver/Src/stm32f4xx_hal_cortex.o
 .debug_abbrev  0x00000515      0x1e7 Drivers/STM32F4xx_HAL_Driver/Src/stm32f4xx_hal_gpio.o
 .debug_abbrev  0x000006fc      0x273 Drivers/STM32F4xx_HAL_Driver/Src/stm32f4xx_hal_rcc.o
 .debug_abbrev  0x0000096f      0x212 Drivers/STM32F4xx_HAL_Driver/Src/stm32f4xx_hal_rcc_ex.o
 .debug_abbrev  0x00000b81      0x33f Src/STM_MY_LCD16X2.o
 .debug_abbrev  0x00000ec0      0x2b7 Src/main.o
 .debug_abbrev  0x00001177      0x19c Src/stm32f4xx_hal_msp.o
 .debug_abbrev  0x00001313       0xe4 Src/stm32f4xx_it.o
 .debug_abbrev  0x000013f7      0x12b Src/system_stm32f4xx.o
 .debug_abbrev  0x00001522       0x12 startup/startup_stm32f446xx.o

.debug_loc      0x00000000     0x22e3
 .debug_loc     0x00000000      0x11b Drivers/STM32F4xx_HAL_Driver/Src/stm32f4xx_hal.o
 .debug_loc     0x0000011b      0x5ce Drivers/STM32F4xx_HAL_Driver/Src/stm32f4xx_hal_cortex.o
 .debug_loc     0x000006e9      0x476 Drivers/STM32F4xx_HAL_Driver/Src/stm32f4xx_hal_gpio.o
 .debug_loc     0x00000b5f      0x40f Drivers/STM32F4xx_HAL_Driver/Src/stm32f4xx_hal_rcc.o
 .debug_loc     0x00000f6e      0xb5e Drivers/STM32F4xx_HAL_Driver/Src/stm32f4xx_hal_rcc_ex.o
 .debug_loc     0x00001acc      0x665 Src/STM_MY_LCD16X2.o
 .debug_loc     0x00002131       0x74 Src/stm32f4xx_hal_msp.o
 .debug_loc     0x000021a5      0x13e Src/system_stm32f4xx.o

.debug_aranges  0x00000000      0x4f8
 .debug_aranges
                0x00000000       0xf0 Drivers/STM32F4xx_HAL_Driver/Src/stm32f4xx_hal.o
 .debug_aranges
                0x000000f0       0xa8 Drivers/STM32F4xx_HAL_Driver/Src/stm32f4xx_hal_cortex.o
 .debug_aranges
                0x00000198       0x58 Drivers/STM32F4xx_HAL_Driver/Src/stm32f4xx_hal_gpio.o
 .debug_aranges
                0x000001f0       0x88 Drivers/STM32F4xx_HAL_Driver/Src/stm32f4xx_hal_rcc.o
 .debug_aranges
                0x00000278       0x78 Drivers/STM32F4xx_HAL_Driver/Src/stm32f4xx_hal_rcc_ex.o
 .debug_aranges
                0x000002f0       0xf0 Src/STM_MY_LCD16X2.o
 .debug_aranges
                0x000003e0       0x38 Src/main.o
 .debug_aranges
                0x00000418       0x30 Src/stm32f4xx_hal_msp.o
 .debug_aranges
                0x00000448       0x60 Src/stm32f4xx_it.o
 .debug_aranges
                0x000004a8       0x28 Src/system_stm32f4xx.o
 .debug_aranges
                0x000004d0       0x28 startup/startup_stm32f446xx.o

.debug_ranges   0x00000000      0x4e0
 .debug_ranges  0x00000000       0xe0 Drivers/STM32F4xx_HAL_Driver/Src/stm32f4xx_hal.o
 .debug_ranges  0x000000e0       0xf8 Drivers/STM32F4xx_HAL_Driver/Src/stm32f4xx_hal_cortex.o
 .debug_ranges  0x000001d8       0x48 Drivers/STM32F4xx_HAL_Driver/Src/stm32f4xx_hal_gpio.o
 .debug_ranges  0x00000220       0x90 Drivers/STM32F4xx_HAL_Driver/Src/stm32f4xx_hal_rcc.o
 .debug_ranges  0x000002b0       0x80 Drivers/STM32F4xx_HAL_Driver/Src/stm32f4xx_hal_rcc_ex.o
 .debug_ranges  0x00000330       0xe0 Src/STM_MY_LCD16X2.o
 .debug_ranges  0x00000410       0x28 Src/main.o
 .debug_ranges  0x00000438       0x20 Src/stm32f4xx_hal_msp.o
 .debug_ranges  0x00000458       0x50 Src/stm32f4xx_it.o
 .debug_ranges  0x000004a8       0x18 Src/system_stm32f4xx.o
 .debug_ranges  0x000004c0       0x20 startup/startup_stm32f446xx.o

.debug_macro    0x00000000    0x208e4
 .debug_macro   0x00000000      0x21a Drivers/STM32F4xx_HAL_Driver/Src/stm32f4xx_hal.o
 .debug_macro   0x0000021a      0xa60 Drivers/STM32F4xx_HAL_Driver/Src/stm32f4xx_hal.o
 .debug_macro   0x00000c7a      0x184 Drivers/STM32F4xx_HAL_Driver/Src/stm32f4xx_hal.o
 .debug_macro   0x00000dfe       0x32 Drivers/STM32F4xx_HAL_Driver/Src/stm32f4xx_hal.o
 .debug_macro   0x00000e30       0x28 Drivers/STM32F4xx_HAL_Driver/Src/stm32f4xx_hal.o
 .debug_macro   0x00000e58       0x22 Drivers/STM32F4xx_HAL_Driver/Src/stm32f4xx_hal.o
 .debug_macro   0x00000e7a       0x8e Drivers/STM32F4xx_HAL_Driver/Src/stm32f4xx_hal.o
 .debug_macro   0x00000f08       0x51 Drivers/STM32F4xx_HAL_Driver/Src/stm32f4xx_hal.o
 .debug_macro   0x00000f59       0xef Drivers/STM32F4xx_HAL_Driver/Src/stm32f4xx_hal.o
 .debug_macro   0x00001048       0x6a Drivers/STM32F4xx_HAL_Driver/Src/stm32f4xx_hal.o
 .debug_macro   0x000010b2      0x1df Drivers/STM32F4xx_HAL_Driver/Src/stm32f4xx_hal.o
 .debug_macro   0x00001291       0x1c Drivers/STM32F4xx_HAL_Driver/Src/stm32f4xx_hal.o
 .debug_macro   0x000012ad       0x22 Drivers/STM32F4xx_HAL_Driver/Src/stm32f4xx_hal.o
 .debug_macro   0x000012cf       0xdf Drivers/STM32F4xx_HAL_Driver/Src/stm32f4xx_hal.o
 .debug_macro   0x000013ae     0x102d Drivers/STM32F4xx_HAL_Driver/Src/stm32f4xx_hal.o
 .debug_macro   0x000023db      0x11f Drivers/STM32F4xx_HAL_Driver/Src/stm32f4xx_hal.o
 .debug_macro   0x000024fa    0x1672d Drivers/STM32F4xx_HAL_Driver/Src/stm32f4xx_hal.o
 .debug_macro   0x00018c27       0x43 Drivers/STM32F4xx_HAL_Driver/Src/stm32f4xx_hal.o
 .debug_macro   0x00018c6a     0x3652 Drivers/STM32F4xx_HAL_Driver/Src/stm32f4xx_hal.o
 .debug_macro   0x0001c2bc      0x174 Drivers/STM32F4xx_HAL_Driver/Src/stm32f4xx_hal.o
 .debug_macro   0x0001c430       0x4e Drivers/STM32F4xx_HAL_Driver/Src/stm32f4xx_hal.o
 .debug_macro   0x0001c47e      0xc90 Drivers/STM32F4xx_HAL_Driver/Src/stm32f4xx_hal.o
 .debug_macro   0x0001d10e      0x9fe Drivers/STM32F4xx_HAL_Driver/Src/stm32f4xx_hal.o
 .debug_macro   0x0001db0c      0x16d Drivers/STM32F4xx_HAL_Driver/Src/stm32f4xx_hal.o
 .debug_macro   0x0001dc79      0x117 Drivers/STM32F4xx_HAL_Driver/Src/stm32f4xx_hal.o
 .debug_macro   0x0001dd90      0x1a0 Drivers/STM32F4xx_HAL_Driver/Src/stm32f4xx_hal.o
 .debug_macro   0x0001df30       0x27 Drivers/STM32F4xx_HAL_Driver/Src/stm32f4xx_hal.o
 .debug_macro   0x0001df57      0x287 Drivers/STM32F4xx_HAL_Driver/Src/stm32f4xx_hal.o
 .debug_macro   0x0001e1de       0x5f Drivers/STM32F4xx_HAL_Driver/Src/stm32f4xx_hal.o
 .debug_macro   0x0001e23d      0x236 Drivers/STM32F4xx_HAL_Driver/Src/stm32f4xx_hal.o
 .debug_macro   0x0001e473      0x132 Drivers/STM32F4xx_HAL_Driver/Src/stm32f4xx_hal.o
 .debug_macro   0x0001e5a5      0x29c Drivers/STM32F4xx_HAL_Driver/Src/stm32f4xx_hal.o
 .debug_macro   0x0001e841       0x2e Drivers/STM32F4xx_HAL_Driver/Src/stm32f4xx_hal.o
 .debug_macro   0x0001e86f      0x11a Drivers/STM32F4xx_HAL_Driver/Src/stm32f4xx_hal.o
 .debug_macro   0x0001e989       0xe8 Drivers/STM32F4xx_HAL_Driver/Src/stm32f4xx_hal.o
 .debug_macro   0x0001ea71       0x89 Drivers/STM32F4xx_HAL_Driver/Src/stm32f4xx_hal.o
 .debug_macro   0x0001eafa      0x287 Drivers/STM32F4xx_HAL_Driver/Src/stm32f4xx_hal.o
 .debug_macro   0x0001ed81      0x126 Drivers/STM32F4xx_HAL_Driver/Src/stm32f4xx_hal.o
 .debug_macro   0x0001eea7      0x1ba Drivers/STM32F4xx_HAL_Driver/Src/stm32f4xx_hal_cortex.o
 .debug_macro   0x0001f061      0x1f0 Drivers/STM32F4xx_HAL_Driver/Src/stm32f4xx_hal_gpio.o
 .debug_macro   0x0001f251      0x1de Drivers/STM32F4xx_HAL_Driver/Src/stm32f4xx_hal_rcc.o
 .debug_macro   0x0001f42f      0x1ba Drivers/STM32F4xx_HAL_Driver/Src/stm32f4xx_hal_rcc_ex.o
 .debug_macro   0x0001f5e9      0x2b6 Src/STM_MY_LCD16X2.o
 .debug_macro   0x0001f89f       0x22 Src/STM_MY_LCD16X2.o
 .debug_macro   0x0001f8c1       0x18 Src/STM_MY_LCD16X2.o
 .debug_macro   0x0001f8d9       0x5e Src/STM_MY_LCD16X2.o
 .debug_macro   0x0001f937       0x35 Src/STM_MY_LCD16X2.o
 .debug_macro   0x0001f96c       0x34 Src/STM_MY_LCD16X2.o
 .debug_macro   0x0001f9a0       0x16 Src/STM_MY_LCD16X2.o
 .debug_macro   0x0001f9b6       0x35 Src/STM_MY_LCD16X2.o
 .debug_macro   0x0001f9eb       0x58 Src/STM_MY_LCD16X2.o
 .debug_macro   0x0001fa43       0x1f Src/STM_MY_LCD16X2.o
 .debug_macro   0x0001fa62       0x43 Src/STM_MY_LCD16X2.o
 .debug_macro   0x0001faa5       0x20 Src/STM_MY_LCD16X2.o
 .debug_macro   0x0001fac5      0x18e Src/STM_MY_LCD16X2.o
 .debug_macro   0x0001fc53      0x32a Src/STM_MY_LCD16X2.o
 .debug_macro   0x0001ff7d       0x16 Src/STM_MY_LCD16X2.o
 .debug_macro   0x0001ff93       0x29 Src/STM_MY_LCD16X2.o
 .debug_macro   0x0001ffbc       0x7c Src/STM_MY_LCD16X2.o
 .debug_macro   0x00020038       0x16 Src/STM_MY_LCD16X2.o
 .debug_macro   0x0002004e      0x29a Src/main.o
 .debug_macro   0x000202e8       0xa0 Src/main.o
 .debug_macro   0x00020388      0x1c9 Src/stm32f4xx_hal_msp.o
 .debug_macro   0x00020551      0x1d3 Src/stm32f4xx_it.o
 .debug_macro   0x00020724      0x1c0 Src/system_stm32f4xx.o

.debug_line     0x00000000     0x52ff
 .debug_line    0x00000000      0x875 Drivers/STM32F4xx_HAL_Driver/Src/stm32f4xx_hal.o
 .debug_line    0x00000875      0x8c7 Drivers/STM32F4xx_HAL_Driver/Src/stm32f4xx_hal_cortex.o
 .debug_line    0x0000113c      0x7f3 Drivers/STM32F4xx_HAL_Driver/Src/stm32f4xx_hal_gpio.o
 .debug_line    0x0000192f      0x908 Drivers/STM32F4xx_HAL_Driver/Src/stm32f4xx_hal_rcc.o
 .debug_line    0x00002237      0xaac Drivers/STM32F4xx_HAL_Driver/Src/stm32f4xx_hal_rcc_ex.o
 .debug_line    0x00002ce3      0x9dc Src/STM_MY_LCD16X2.o
 .debug_line    0x000036bf      0x781 Src/main.o
 .debug_line    0x00003e40      0x6ab Src/stm32f4xx_hal_msp.o
 .debug_line    0x000044eb      0x702 Src/stm32f4xx_it.o
 .debug_line    0x00004bed      0x693 Src/system_stm32f4xx.o
 .debug_line    0x00005280       0x7f startup/startup_stm32f446xx.o

.debug_str      0x00000000    0xc6043
 .debug_str     0x00000000    0xc1ab8 Drivers/STM32F4xx_HAL_Driver/Src/stm32f4xx_hal.o
                              0xc1e63 (size before relaxing)
 .debug_str     0x000c1ab8      0x3a8 Drivers/STM32F4xx_HAL_Driver/Src/stm32f4xx_hal_cortex.o
                              0xc1be8 (size before relaxing)
 .debug_str     0x000c1e60      0x28c Drivers/STM32F4xx_HAL_Driver/Src/stm32f4xx_hal_gpio.o
                              0xc154f (size before relaxing)
 .debug_str     0x000c20ec      0x394 Drivers/STM32F4xx_HAL_Driver/Src/stm32f4xx_hal_rcc.o
                              0xc1729 (size before relaxing)
 .debug_str     0x000c2480      0x324 Drivers/STM32F4xx_HAL_Driver/Src/stm32f4xx_hal_rcc_ex.o
                              0xc176d (size before relaxing)
 .debug_str     0x000c27a4     0x30f7 Src/STM_MY_LCD16X2.o
                              0xc44f5 (size before relaxing)
 .debug_str     0x000c589b      0x622 Src/main.o
                              0xc48de (size before relaxing)
 .debug_str     0x000c5ebd       0x45 Src/stm32f4xx_hal_msp.o
                              0xc194a (size before relaxing)
 .debug_str     0x000c5f02       0xb8 Src/stm32f4xx_it.o
                              0xc13ff (size before relaxing)
 .debug_str     0x000c5fba       0x5a Src/system_stm32f4xx.o
                              0xc130b (size before relaxing)
 .debug_str     0x000c6014       0x2f startup/startup_stm32f446xx.o
                                 0x3c (size before relaxing)

.comment        0x00000000       0x7f
 .comment       0x00000000       0x7f Drivers/STM32F4xx_HAL_Driver/Src/stm32f4xx_hal.o
                                 0x80 (size before relaxing)
 .comment       0x0000007f       0x80 Drivers/STM32F4xx_HAL_Driver/Src/stm32f4xx_hal_cortex.o
 .comment       0x0000007f       0x80 Drivers/STM32F4xx_HAL_Driver/Src/stm32f4xx_hal_gpio.o
 .comment       0x0000007f       0x80 Drivers/STM32F4xx_HAL_Driver/Src/stm32f4xx_hal_rcc.o
 .comment       0x0000007f       0x80 Drivers/STM32F4xx_HAL_Driver/Src/stm32f4xx_hal_rcc_ex.o
 .comment       0x0000007f       0x80 Src/STM_MY_LCD16X2.o
 .comment       0x0000007f       0x80 Src/main.o
 .comment       0x0000007f       0x80 Src/stm32f4xx_hal_msp.o
 .comment       0x0000007f       0x80 Src/stm32f4xx_it.o
 .comment       0x0000007f       0x80 Src/system_stm32f4xx.o

.debug_frame    0x00000000      0xd28
 .debug_frame   0x00000000      0x1ec Drivers/STM32F4xx_HAL_Driver/Src/stm32f4xx_hal.o
 .debug_frame   0x000001ec      0x15c Drivers/STM32F4xx_HAL_Driver/Src/stm32f4xx_hal_cortex.o
 .debug_frame   0x00000348       0xd8 Drivers/STM32F4xx_HAL_Driver/Src/stm32f4xx_hal_gpio.o
 .debug_frame   0x00000420      0x184 Drivers/STM32F4xx_HAL_Driver/Src/stm32f4xx_hal_rcc.o
 .debug_frame   0x000005a4      0x148 Drivers/STM32F4xx_HAL_Driver/Src/stm32f4xx_hal_rcc_ex.o
 .debug_frame   0x000006ec      0x2bc Src/STM_MY_LCD16X2.o
 .debug_frame   0x000009a8       0x7c Src/main.o
 .debug_frame   0x00000a24       0x60 Src/stm32f4xx_hal_msp.o
 .debug_frame   0x00000a84       0xa8 Src/stm32f4xx_it.o
 .debug_frame   0x00000b2c       0x30 Src/system_stm32f4xx.o
 .debug_frame   0x00000b5c       0xac d:/sridhar/softwares_installation_files/ac6/systemworkbench/plugins/fr.ac6.mcu.externaltools.arm-none.win32_1.17.0.201812190825/tools/compiler/bin/../lib/gcc/arm-none-eabi/7.3.1/thumb/v7e-m/fpv4-sp/hard\libgcc.a(_arm_addsubdf3.o)
 .debug_frame   0x00000c08       0x50 d:/sridhar/softwares_installation_files/ac6/systemworkbench/plugins/fr.ac6.mcu.externaltools.arm-none.win32_1.17.0.201812190825/tools/compiler/bin/../lib/gcc/arm-none-eabi/7.3.1/thumb/v7e-m/fpv4-sp/hard\libgcc.a(_arm_muldivdf3.o)
 .debug_frame   0x00000c58       0x24 d:/sridhar/softwares_installation_files/ac6/systemworkbench/plugins/fr.ac6.mcu.externaltools.arm-none.win32_1.17.0.201812190825/tools/compiler/bin/../lib/gcc/arm-none-eabi/7.3.1/thumb/v7e-m/fpv4-sp/hard\libgcc.a(_arm_fixunsdfsi.o)
 .debug_frame   0x00000c7c       0x2c d:/sridhar/softwares_installation_files/ac6/systemworkbench/plugins/fr.ac6.mcu.externaltools.arm-none.win32_1.17.0.201812190825/tools/compiler/bin/../lib/gcc/arm-none-eabi/7.3.1/thumb/v7e-m/fpv4-sp/hard\libgcc.a(_aeabi_uldivmod.o)
 .debug_frame   0x00000ca8       0x34 d:/sridhar/softwares_installation_files/ac6/systemworkbench/plugins/fr.ac6.mcu.externaltools.arm-none.win32_1.17.0.201812190825/tools/compiler/bin/../lib/gcc/arm-none-eabi/7.3.1/thumb/v7e-m/fpv4-sp/hard\libgcc.a(_udivmoddi4.o)
 .debug_frame   0x00000cdc       0x2c d:/sridhar/softwares_installation_files/ac6/systemworkbench/plugins/fr.ac6.mcu.externaltools.arm-none.win32_1.17.0.201812190825/tools/compiler/bin/../lib/gcc/arm-none-eabi/7.3.1/../../../../arm-none-eabi/lib/thumb/v7e-m/fpv4-sp/hard\libc_nano.a(lib_a-init.o)
 .debug_frame   0x00000d08       0x20 d:/sridhar/softwares_installation_files/ac6/systemworkbench/plugins/fr.ac6.mcu.externaltools.arm-none.win32_1.17.0.201812190825/tools/compiler/bin/../lib/gcc/arm-none-eabi/7.3.1/../../../../arm-none-eabi/lib/thumb/v7e-m/fpv4-sp/hard\libc_nano.a(lib_a-memset.o)
